// Jest Snapshot v1, https://goo.gl/fbAQLP

exports[`matches snapshot 1`] = `
<DocumentFragment>
  <div
    class="Login"
  >
    <div
      class="container col-md-6 offset-md-3 col-lg-4 offset-lg-4"
    >
      <div
        class="container"
      >
        <div
          class="card login-margin"
        >
          <div
            class="card-body"
          >
            <form>
              <div
                class="form-group"
              >
                <label>
                  Username
                </label>
                <input
                  class="form-control"
                  name="username"
                  value=""
                />
              </div>
              <div
                class="form-group"
              >
                <label>
                  Password
                </label>
                <input
                  class="form-control"
                  name="password"
                  type="password"
                  value=""
                />
              </div>
              <button
                class="btn btn-primary float-right btn btn-primary"
                type="submit"
              >
                Submit
              </button>
            </form>
          </div>
        </div>
        <div
          class="d-flex mb-5 mt-5 justify-content-center"
        >
          <div
            class="btn-group"
          >
            <button
              class="btn btn-primary active  btn btn-primary"
              type="button"
            >
              Login
            </button>
            <button
              class="btn btn-primary   btn btn-primary"
              type="button"
            >
              Sign up
            </button>
          </div>
        </div>
      </div>
    </div>
  </div>
</DocumentFragment>
`;
